${key}_alert_style	string
${key}_reminder_enabled	boolean
${key}_reminder_minutes	int
adhan_enabled	boolean
adhan_respect_dnd	boolean
ai_ask_enabled	boolean
ai_ask_hint_dismissed	boolean
ai_consent_timestamp	long
ai_history_enabled	boolean
ai_question_history	string
animations_enabled	boolean
app_language	string
arabic_font_size	string
asr_adhan_enabled	boolean
asr_adjustment	int
asr_calculation	string
asr_notification_enabled	boolean
calculation_method	string
continuous_reading	boolean
current_location_id	long
dhuhr_adhan_enabled	boolean
dhuhr_adjustment	int
dhuhr_notification_enabled	boolean
dua_arabic_font	string
dua_arabic_font_size	float
dua_categories_sort_alphabetical	boolean
dua_show_arabic	boolean
dua_show_translation	boolean
dua_show_transliteration	boolean
dua_translation_font_size	float
dynamic_color	boolean
fajr_adhan_enabled	boolean
fajr_adjustment	int
fajr_notification_enabled	boolean
friday_reminder_enabled	boolean
friday_reminder_minutes	int
hadith_arabic_font	string
hadith_arabic_font_size	float
hadith_show_arabic	boolean
hadith_show_chain	boolean
hadith_show_grade	boolean
hadith_show_translation	boolean
hadith_translation_font_size	float
haptic_feedback	boolean
high_latitude_rule	string
hijri_day_offset	int
isha_adhan_enabled	boolean
isha_adjustment	int
isha_notification_enabled	boolean
keep_screen_on	boolean
khatam_reminder_enabled	boolean
khatam_reminder_time	string
latitude	double
location_name	string
longitude	double
maghrib_adhan_enabled	boolean
maghrib_adjustment	int
maghrib_notification_enabled	boolean
more_pinned_shortcuts	string
notification_prefs_migration_version	int
notification_reminder_minutes	int
notification_vibration	boolean
onboarding_completed	boolean
pattern_style	string
persistent_notification	boolean
prayer_notifications_enabled	boolean
pre_notification_minutes	string
quran_arabic_font	string
quran_arabic_font_size	float
quran_mushaf_script	string
quran_translation_font_size	float
quran_translator_id	string
search_default_scope	string
search_results_per_source	int
search_sources	string
search_strictness	string
selected_adhan_sound	string
selected_reciter_id	string
show_countdown	boolean
show_islamic_patterns	boolean
show_quick_actions	boolean
show_reminder_before	boolean
show_tajweed	boolean
show_translation	boolean
show_transliteration	boolean
sunrise_adjustment	int
sunrise_notification_enabled	boolean
tajweed_underline	boolean
tasbih_bead_design	string
tasbih_bead_mode	boolean
tasbih_favorites	stringSet
tasbih_left_handed	boolean
tasbih_preset_seed_version	int
tasbih_selected_preset	long
tasbih_sound_enabled	boolean
tasbih_vibration_enabled	boolean
theme_mode	string
use_24_hour_format	boolean
use_hijri_primary	boolean
worship_${key}_enabled	boolean
worship_${key}_mode	string
worship_${key}_offset	int
zakat_currency	string
zakat_gold_price_per_gram	double
zakat_nisab_type	string
zakat_silver_price_per_gram	double
